/home/lijian/project/open-vela/apps/system/bk7258/bk7258_display_render_identity.inc:5:12:bkdisplay_identity_advance	0	static
/home/lijian/project/open-vela/apps/system/bk7258/bk7258_display_selection_request.inc:35:13:bkdisplay_selection_busy_locked	0	static
/home/lijian/project/open-vela/apps/system/bk7258/bk7258_display_selection_request.inc:42:13:bkdisplay_selection_cancel_locked	0	static
/home/lijian/project/open-vela/apps/system/bk7258/bk7258_display_service.c:184:13:bkdisplay_service_retryable	0	static
/home/lijian/project/open-vela/apps/system/bk7258/bk7258_display_intent.inc:79:13:bkdisplay_intent_pending	8	static
/home/lijian/project/open-vela/apps/system/bk7258/bk7258_display_selection.inc:43:13:bkdisplay_catalog_canceled	0	static
/home/lijian/project/open-vela/apps/system/bk7258/bk7258_display_selection_request.inc:55:12:bkdisplay_selection_request	48	static
/home/lijian/project/open-vela/apps/system/bk7258/bk7258_display_intent.inc:131:12:bkdisplay_request	48	static
/home/lijian/project/open-vela/apps/system/bk7258/bk7258_display_service.c:697:17:bkdisplay_now_ms	24	static
/home/lijian/project/open-vela/apps/system/bk7258/bk7258_display_service.c:191:13:bkdisplay_service_node	96	static
/home/lijian/project/open-vela/apps/system/bk7258/bk7258_display_service.c:179:12:bkdisplay_service_errno	8	static
/home/lijian/project/open-vela/apps/system/bk7258/bk7258_display_service.c:294:12:bkdisplay_framebuffer_write	72	static
/home/lijian/project/open-vela/apps/system/bk7258/bk7258_display_service.c:595:12:bkdisplay_builtin_locked.part.0.constprop	416	static
/home/lijian/project/open-vela/apps/system/bk7258/bk7258_display_service.c:595:12:bkdisplay_builtin_locked.constprop	8	static
/home/lijian/project/open-vela/apps/system/bk7258/bk7258_display_snapshot.inc:10:13:bkdisplay_unlock.constprop	16	static
/home/lijian/project/open-vela/apps/system/bk7258/bk7258_display_service.c:203:12:bkdisplay_volume_open.constprop	24	static
/home/lijian/project/open-vela/apps/system/bk7258/bk7258_display_service.c:356:13:bkdisplay_status_error.constprop	8	static
/home/lijian/project/open-vela/apps/system/bk7258/bk7258_display_service.c:147:13:bkdisplay_diagnostic_failure.constprop	24	static
/home/lijian/project/open-vela/apps/system/bk7258/bk7258_display_service.c:262:12:bkdisplay_volume_close.constprop	8	static
/home/lijian/project/open-vela/apps/system/bk7258/bk7258_display_service.c:469:12:bkdisplay_render_pack_pixels_locked.constprop	448	static
/home/lijian/project/open-vela/apps/system/bk7258/bk7258_display_render_identity.inc:20:12:bkdisplay_render_locked.constprop	8	static
/home/lijian/project/open-vela/apps/system/bk7258/bk7258_display_service.c:1022:12:bkdisplay_update_pack	416	static
/home/lijian/project/open-vela/apps/system/bk7258/bk7258_display_intent.inc:22:13:bkdisplay_trial_supersede	0	static
/home/lijian/project/open-vela/apps/system/bk7258/bk7258_display_intent.inc:62:13:bkdisplay_intent_gate	8	static
/home/lijian/project/open-vela/apps/system/bk7258/bk7258_display_selection.inc:56:13:bkdisplay_selection_step.constprop	192	static
/home/lijian/project/open-vela/apps/system/bk7258/bk7258_display_intent.inc:215:13:bkdisplay_trial_step.constprop	32	static
/home/lijian/project/open-vela/apps/system/bk7258/bk7258_display_intent.inc:248:13:bkdisplay_intent_step.constprop	112	static
/home/lijian/project/open-vela/apps/system/bk7258/bk7258_display_service.c:708:12:bkdisplay_worker	80	static
/home/lijian/project/open-vela/apps/system/bk7258/bk7258_display_service.c:83:6:bk7258_display_focus	0	static
/home/lijian/project/open-vela/apps/system/bk7258/bk7258_display_service.c:89:6:bk7258_display_speaking	0	static
/home/lijian/project/open-vela/apps/system/bk7258/bk7258_display_selection_request.inc:117:5:bk7258_display_selection_request	24	static
/home/lijian/project/open-vela/apps/system/bk7258/bk7258_display_selection_request.inc:125:5:bk7258_display_selection_refresh	24	static
/home/lijian/project/open-vela/apps/system/bk7258/bk7258_display_selection_request.inc:130:5:bk7258_display_selection_status	16	static
/home/lijian/project/open-vela/apps/system/bk7258/bk7258_display_selection_request.inc:141:5:bk7258_display_selection_cancel	8	static
/home/lijian/project/open-vela/apps/system/bk7258/bk7258_display_selection_request.inc:162:5:bk7258_display_selection_recover	12	static
/home/lijian/project/open-vela/apps/system/bk7258/bk7258_display_selection_request.inc:190:5:bk7258_display_catalog_request	24	static
/home/lijian/project/open-vela/apps/system/bk7258/bk7258_display_selection_request.inc:197:5:bk7258_display_catalog_page	24	static
/home/lijian/project/open-vela/apps/system/bk7258/bk7258_display_intent.inc:32:5:bk7258_display_trial_status	20	static
/home/lijian/project/open-vela/apps/system/bk7258/bk7258_display_intent.inc:40:5:bk7258_display_cancel_trial	8	static
/home/lijian/project/open-vela/apps/system/bk7258/bk7258_display_intent.inc:101:5:bk7258_display_expression_status	12	static
/home/lijian/project/open-vela/apps/system/bk7258/bk7258_display_intent.inc:110:5:bk7258_display_cancel_expression	8	static
/home/lijian/project/open-vela/apps/system/bk7258/bk7258_display_intent.inc:187:5:bk7258_display_request_expression	40	static
/home/lijian/project/open-vela/apps/system/bk7258/bk7258_display_intent.inc:191:5:bk7258_display_trial	40	static
/home/lijian/project/open-vela/apps/system/bk7258/bk7258_display_intent.inc:197:5:bk7258_display_trial_checked	48	static
/home/lijian/project/open-vela/apps/system/bk7258/bk7258_display_intent.inc:204:5:bk7258_display_trial_pack_checked	48	static
/home/lijian/project/open-vela/apps/system/bk7258/bk7258_display_snapshot.inc:18:5:bk7258_display_get_status	16	static
/home/lijian/project/open-vela/apps/system/bk7258/bk7258_display_service.c:650:5:bk7258_display_onboarding	24	static
/home/lijian/project/open-vela/apps/system/bk7258/bk7258_display_service.c:680:5:bk7258_display_power	24	static
/home/lijian/project/open-vela/apps/system/bk7258/bk7258_display_service.c:815:5:bk7258_display_service_prepare	0	static
/home/lijian/project/open-vela/apps/system/bk7258/bk7258_display_service.c:820:5:bk7258_display_service_start	24	static
/home/lijian/project/open-vela/apps/system/bk7258/bk7258_display_service.c:875:5:bk7258_display_set_expression	24	static
/home/lijian/project/open-vela/apps/system/bk7258/bk7258_display_service.c:896:5:bk7258_display_set_expression_owned	32	static
/home/lijian/project/open-vela/apps/system/bk7258/bk7258_display_service.c:916:5:bk7258_display_replace_expression	32	static
/home/lijian/project/open-vela/apps/system/bk7258/bk7258_display_service.c:936:5:bk7258_display_show_mapping_test	24	static
/home/lijian/project/open-vela/apps/system/bk7258/bk7258_display_service.c:1062:5:bk7258_display_install	0	static
/home/lijian/project/open-vela/apps/system/bk7258/bk7258_display_service.c:1068:5:bk7258_display_activate	0	static
/home/lijian/project/open-vela/apps/system/bk7258/bk7258_display_service.c:1074:5:bk7258_display_import	24	static
/home/lijian/project/open-vela/apps/system/bk7258/bk7258_display_service.c:1108:5:bk7258_display_reset_selection	16	static
