/home/lijian/project/open-vela/apps/system/bk7258/bk7258_display_store.c:49:12:bkdisplay_store_errno	8	static
/home/lijian/project/open-vela/apps/system/bk7258/bk7258_display_store.c:240:12:bkdisplay_store_sync_directory_strict	16	static
/home/lijian/project/open-vela/apps/system/bk7258/bk7258_display_store.c:203:12:bkdisplay_store_write_all	24	static
/home/lijian/project/open-vela/apps/system/bk7258/bk7258_display_store.c:99:13:bkdisplay_store_filename	8	static
/home/lijian/project/open-vela/apps/system/bk7258/bk7258_display_store.c:249:12:bkdisplay_store_sync_if_directory	96	static
/home/lijian/project/open-vela/apps/system/bk7258/bk7258_display_store.c:1058:12:bkdisplay_upload_fail	16	static
/home/lijian/project/open-vela/apps/system/bk7258/bk7258_display_store.c:132:12:bkdisplay_store_open_checked	64	static
/home/lijian/project/open-vela/apps/system/bk7258/bk7258_display_store.c:158:12:bkdisplay_store_validate	120	static
/home/lijian/project/open-vela/apps/system/bk7258/bk7258_display_store.c:491:12:bkdisplay_store_candidate	280	static
/home/lijian/project/open-vela/apps/system/bk7258/bk7258_display_store.c:283:12:bkdisplay_store_read_active.constprop	160	static
/home/lijian/project/open-vela/apps/system/bk7258/bk7258_display_store.c:54:12:bkdisplay_store_path.constprop	24	static
/home/lijian/project/open-vela/apps/system/bk7258/bk7258_display_store.c:942:12:bkdisplay_store_publish.part.0	1136	static
/home/lijian/project/open-vela/apps/system/bk7258/bk7258_display_store.c:538:12:bkdisplay_store_resolve_layout	600	static
/home/lijian/project/open-vela/apps/system/bk7258/bk7258_display_store.c:691:5:bkdisplay_store_resolve_open.part.0	384	static
/home/lijian/project/open-vela/apps/system/bk7258/bk7258_display_store.c:257:5:bkdisplay_store_reset_selection	272	static
/home/lijian/project/open-vela/apps/system/bk7258/bk7258_display_store.c:404:5:bkdisplay_store_selection_version	328	static
/home/lijian/project/open-vela/apps/system/bk7258/bk7258_display_store.c:458:5:bkdisplay_store_ensure	360	static
/home/lijian/project/open-vela/apps/system/bk7258/bk7258_display_store.c:778:12:bkdisplay_store_activate_versioned	1904	static
/home/lijian/project/open-vela/apps/system/bk7258/bk7258_display_store.c:942:12:bkdisplay_store_publish	16	static
/home/lijian/project/open-vela/apps/system/bk7258/bk7258_display_store.c:654:5:bkdisplay_store_open_installed	544	static
/home/lijian/project/open-vela/apps/system/bk7258/bk7258_display_store.c:691:5:bkdisplay_store_resolve_open	32	static
/home/lijian/project/open-vela/apps/system/bk7258/bk7258_display_store.c:768:5:bkdisplay_store_resolve	16	static
/home/lijian/project/open-vela/apps/system/bk7258/bk7258_display_store.c:927:5:bkdisplay_store_activate	32	static
/home/lijian/project/open-vela/apps/system/bk7258/bk7258_display_store.c:934:5:bkdisplay_store_activate_checked	24	static
/home/lijian/project/open-vela/apps/system/bk7258/bk7258_display_store.c:1021:5:bkdisplay_store_install	16	static
/home/lijian/project/open-vela/apps/system/bk7258/bk7258_display_store.c:1076:5:bkdisplay_upload_quiesced	0	static
/home/lijian/project/open-vela/apps/system/bk7258/bk7258_display_store.c:1084:5:bkdisplay_upload_begin	24	static
/home/lijian/project/open-vela/apps/system/bk7258/bk7258_display_store.c:1136:5:bkdisplay_upload_append	16	static
/home/lijian/project/open-vela/apps/system/bk7258/bk7258_display_store.c:1167:5:bkdisplay_upload_cancel	8	static
/home/lijian/project/open-vela/apps/system/bk7258/bk7258_display_store.c:1196:5:bkdisplay_upload_finish	504	static
/home/lijian/project/open-vela/apps/system/bk7258/bk7258_display_store.c:1281:5:bkdisplay_store_import	952	static
/home/lijian/project/open-vela/apps/system/bk7258/bk7258_display_store.c:1324:5:bkdisplay_store_catalog_page	864	static
